﻿[36mvite v5.4.19 [32mbuilding for production...[36m[39m
transforming...
[32mÔ£ô[39m 2893 modules transformed.
node.exe : 
[31mx[39m Build 
failed in 4.01s
No linha:1 
caractere:1
+ & "C:\Program Fil
es\nodejs/node.exe"
 "C:\Program Files\
nodejs/node_mo ...
+ ~~~~~~~~~~~~~~~~~
~~~~~~~~~~~~~~~~~~~
~~~~~~~~~~~~~~~~~~~
~~~~~~~~~~~~~~
    + CategoryInfo 
             : No  
  tSpecified: (   
 [31mx[39m Bui    
ld failed in 4    
.01s:String) [    
], RemoteExcep    
tion
    + FullyQualifi 
   edErrorId : Na  
  tiveCommandErr   
 or
 
[31merror during 
build:
[31m[vite-plugin-p
wa:build] There 
was an error 
during the build:
  src/pages/lab/Voi
ceLab.tsx (5:30): 
"Waveform" is not 
exported by "node_m
odules/lucide-react
/dist/esm/lucide-re
act.js", imported 
by "src/pages/lab/V
oiceLab.tsx".
Additionally, 
handling the error 
in the 'buildEnd' 
hook caused the 
following error:
  src/pages/lab/Voi
ceLab.tsx (5:30): 
"Waveform" is not 
exported by "node_m
odules/lucide-react
/dist/esm/lucide-re
act.js", imported 
by "src/pages/lab/V
oiceLab.tsx".[31m
file: [36mC:/codel
oveai/src/pages/lab
/VoiceLab.tsx:5:30
[31m
[33m
3: import { 
supabase } from "@/
integrations/supaba
se/client";
4: import { toast 
} from "sonner";
5: import { Mic, 
Volume2, Radio, 
Waveform, 
ArrowRight, Lock, 
CheckCircle2, 
ChevronDown, 
Sparkles } from 
"lucide-react";
                   
              ^
6: import { 
useFeatureFlag } 
from "@/hooks/useFe
atureFlag";
[31m
    at 
getRollupError (fil
e:///C:/codeloveai/
node_modules/vite/n
ode_modules/rollup/
dist/es/shared/pars
eAst.js:402:41)
    at file:///C:/c
odeloveai/node_modu
les/vite/node_modul
es/rollup/dist/es/s
hared/node-entry.js
:23444:39
    at async catchU
nfinishedHookAction
s (file:///C:/codel
oveai/node_modules/
vite/node_modules/r
ollup/dist/es/share
d/node-entry.js:229
02:16)
    at async 
rollupInternal (fil
e:///C:/codeloveai/
node_modules/vite/n
ode_modules/rollup/
dist/es/shared/node
-entry.js:23427:5)
    at async build 
(file:///C:/codelov
eai/node_modules/vi
te/dist/node/chunks
/dep-C6uTJdX2.js:65
693:14)
    at async 
CAC.<anonymous> (fi
le:///C:/codeloveai
/node_modules/vite/
dist/node/cli.js:82
9:5)[39m
